


ARM Macro Assembler    Page 1 


    1 00000000         ;LABEL  DIRECTIVE VALUE  COMMENT
    2 00000000                 AREA             routines, READONLY, CODE
    3 00000000                 THUMB
    4 00000000                 EXPORT           DELAY100
    5 00000000         
    6 00000000         DELAY100
                               PROC
    7 00000000 B41F            PUSH             {R0-R4}
    8 00000002 B500            PUSH             {LR}
    9 00000004 F241 10AB 
              F2C0 0004        MOV32            R0,#0x411AB ; you need about  .
                                                            ..cycles to to comp
                                                            lete 100ms
   10 0000000C 3801    loop    SUBS             R0,#0x001
   11 0000000E D1FD            BNE              loop
   12 00000010 F85D EB04       POP              {LR}
   13 00000014 BC1F            POP              {R0-R4}
   14 00000016         
   15 00000016 4770            BX               LR
   16 00000018                 ENDP
   17 00000018                 ALIGN
   18 00000018                 END
Command Line: --debug --xref --diag_suppress=9931 --cpu=Cortex-M4.fp --apcs=int
erwork --depend=.\objects\delay100.d -o.\objects\delay100.o -I.\RTE\_Target_1 -
IC:\Keil_v5\ARM\PACK\Keil\TM4C_DFP\1.1.0\Device\Include\TM4C123 -IC:\Keil_v5\AR
M\CMSIS\Include --predefine="__EVAL SETA 1" --predefine="__UVISION_VERSION SETA
 526" --predefine="TM4C123GH6PM SETA 1" --list=.\listings\delay100.lst DELAY100
.s



ARM Macro Assembler    Page 1 Alphabetic symbol ordering
Relocatable symbols

DELAY100 00000000

Symbol: DELAY100
   Definitions
      At line 6 in file DELAY100.s
   Uses
      At line 4 in file DELAY100.s
Comment: DELAY100 used once
loop 0000000C

Symbol: loop
   Definitions
      At line 10 in file DELAY100.s
   Uses
      At line 11 in file DELAY100.s
Comment: loop used once
routines 00000000

Symbol: routines
   Definitions
      At line 2 in file DELAY100.s
   Uses
      None
Comment: routines unused
3 symbols
337 symbols in table
