


ARM Macro Assembler    Page 1 


    1 00000000         ;****REGISTERS OF Serial Synchronous Interface "0" *****
                       *****
    2 00000000 400FE61C 
                       RCGCSSI EQU              0x400FE61C
    3 00000000 40008000 
                       SSI0_CR0
                               EQU              0x40008000
    4 00000000 40008004 
                       SSI0_CR1
                               EQU              0x40008004
    5 00000000 40008008 
                       SSI0_DR EQU              0x40008008
    6 00000000 4000800C 
                       SSI0_SR EQU              0x4000800C
    7 00000000 40008010 
                       SSI0_CPPSR
                               EQU              0x40008010
    8 00000000 40008014 
                       SSI0_IM EQU              0x40008014
    9 00000000 40008018 
                       SSI0_RIS
                               EQU              0x40008018
   10 00000000 4000801C 
                       SSI0_MIS
                               EQU              0x4000801C
   11 00000000 40008020 
                       SSI0_ICR
                               EQU              0x40008020
   12 00000000 40008FC8 
                       SSI0_CC EQU              0x40008FC8
   13 00000000         ;*******************************************************
                       *****
   14 00000000 E000E010 
                       NVICSTCTRL
                               EQU              0xE000E010
   15 00000000         ;****REGESTERS OF GPIO PORT A***************************
                       *****
   16 00000000         ;USE PA2,3,4,5 FOR SSI0CLK,SSI0FSS,SSI0RX,SSI0TX RESPECT
                       IVELY,  PA6 for reset, PA7 for dispaly/command
   17 00000000 400FE608 
                       RCGCGPIO
                               EQU              0x400FE608
   18 00000000 40004300 
                       GPIO_PORTA_DATA
                               EQU              0x40004300
   19 00000000 40004400 
                       GPIO_PORTA_DIR
                               EQU              0x40004400
   20 00000000 40004420 
                       GPIO_PORTA_AFSEL
                               EQU              0x40004420
   21 00000000 4000452C 
                       GPIO_PORTA_PCTL
                               EQU              0x4000452C
   22 00000000 40004528 
                       GPIO_PORTA_AMSEL
                               EQU              0x40004528
   23 00000000 4000451C 
                       GPIO_PORTA_DEN



ARM Macro Assembler    Page 2 


                               EQU              0x4000451C
   24 00000000 40004510 
                       GPIO_PORTA_PUR
                               EQU              0x40004510
   25 00000000         
   26 00000000 40038004 
                       ADC0RIS EQU              0x40038004
   27 00000000         ;*******************************************************
                       *****
   28 00000000         ;PORT F
   29 00000000 4002541C 
                       GPIO_PORTF_ICR
                               EQU              0x4002541C  ; clear interrupt r
                                                            egister
   30 00000000 40025414 
                       GPIO_PORTF_RIS
                               EQU              0x40025414  ; row interrupt reg
                                                            ister
   31 00000000 40025410 
                       GPIO_PORTF_IM
                               EQU              0x40025410  ; interrupt mask
   32 00000000         
   33 00000000 4003001C 
                       TIMER0_RIS
                               EQU              0x4003001C  ; Timer Interrupt S
                                                            tatus
   34 00000000 200018C0 
                       Funct   EQU              0x200018C0
   35 00000000         ;*******************************************************
                       *****
   36 00000000         ;-------------------------------------------------------
                       -----     
   37 00000000                 AREA             main, CODE, READONLY
   38 00000000                 THUMB
   39 00000000                 EXTERN           ssi_init
   40 00000000                 EXTERN           DELAY100
   41 00000000                 EXTERN           PrintNum
   42 00000000         
   43 00000000                 EXTERN           DrawBorder
   44 00000000                 EXTERN           ADC0Init
   45 00000000                 EXTERN           Calibrator
   46 00000000                 EXTERN           ADC_Handler
   47 00000000                 EXTERN           ButtonsInit
   48 00000000                 EXTERN           ships
   49 00000000                 EXTERN           ClearScreen
   50 00000000                 EXTERN           InitSysTick
   51 00000000                 EXTERN           player2
   52 00000000         ;   EXTERN DisplayMine
   53 00000000                 EXTERN           PULSE_INIT
   54 00000000                 EXTERN           DECISION
   55 00000000                 EXPORT           __main
   56 00000000         
   57 00000000         __main
   58 00000000         
   59 00000000 F7FF FFFE       BL               ssi_init
   60 00000004         
   61 00000004         
   62 00000004         ; toggling the clock here...
   63 00000004         ;let reset be high first



ARM Macro Assembler    Page 3 


   64 00000004         
   65 00000004 4961            LDR              R1,=GPIO_PORTA_DATA
   66 00000006 6808            LDR              R0,[R1]
   67 00000008 F040 0040       ORR              R0,#0x40
   68 0000000C 6008            STR              R0,[R1]
   69 0000000E F7FF FFFE       BL               DELAY100
   70 00000012 F7FF FFFE       BL               DELAY100
   71 00000016         ;make it low for 100ms
   72 00000016 6808            LDR              R0,[R1]
   73 00000018 F080 0040       EOR              R0,#0x40
   74 0000001C 6008            STR              R0,[R1]
   75 0000001E F7FF FFFE       BL               DELAY100
   76 00000022         
   77 00000022         
   78 00000022         
   79 00000022         ;make it high :D
   80 00000022 F080 0040       EOR              R0,R0,#0x40
   81 00000026 6008            STR              R0,[R1]
   82 00000028         
   83 00000028         ;INITIALIZE DISPLAY   SSI0_DR
   84 00000028         ;make D/c low.. command
   85 00000028 6808            LDR              R0,[R1]
   86 0000002A F020 0080       BIC              R0,#0x80
   87 0000002E 6008            STR              R0,[R1]
   88 00000030         
   89 00000030         ; horizontal addressing,activate chip, extended instruct
                       ion set H=1
   90 00000030 4957            LDR              R1,=SSI0_DR
   91 00000032 F04F 0021       MOV              R0,#0x21
   92 00000036 6008            STR              R0,[R1]
   93 00000038         ;check fifo if command sent
   94 00000038 F000 F89E       BL               fifo
   95 0000003C         
   96 0000003C F04F 00C0       MOV              R0,#0xC0    ;Vop
   97 00000040 6008            STR              R0,[R1]
   98 00000042 F000 F899       BL               fifo
   99 00000046         
  100 00000046 F04F 0004       MOV              R0,#0x4     ;temp
  101 0000004A 6008            STR              R0,[R1]
  102 0000004C F000 F894       BL               fifo
  103 00000050         
  104 00000050 F04F 0013       MOV              R0,#0x13    ;Vbias
  105 00000054 6008            STR              R0,[R1]
  106 00000056 F000 F88F       BL               fifo
  107 0000005A         
  108 0000005A F04F 0020       MOV              R0,#0x20    ;basic mode H=0
  109 0000005E 6008            STR              R0,[R1]
  110 00000060 F000 F88A       BL               fifo
  111 00000064         
  112 00000064 F04F 000C       MOV              R0,#0x0C    ;normal mode
  113 00000068 6008            STR              R0,[R1]
  114 0000006A F000 F885       BL               fifo
  115 0000006E         ;   
  116 0000006E         ;   MOV  R0,#0x40   ;y-address
  117 0000006E         ;   STR  R0,[R1]
  118 0000006E         ;   BL  fifo
  119 0000006E         ;   
  120 0000006E         ;   MOV  R0,#0x80  ;x-address
  121 0000006E         ;   STR  R0,[R1]



ARM Macro Assembler    Page 4 


  122 0000006E         ;   BL  fifo
  123 0000006E         
  124 0000006E         ;write data to screen.. change to display ... D/C high
  125 0000006E 4947    again   LDR              R1,=GPIO_PORTA_DATA
  126 00000070 6808            LDR              R0,[R1]
  127 00000072 F040 0080       ORR              R0,#0x80
  128 00000076 6008            STR              R0,[R1]
  129 00000078         
  130 00000078         ;Refresh screen
  131 00000078 F44F 73FC       MOV              R3,#504     ;6*84
  132 0000007C 4944            LDR              R1,=SSI0_DR
  133 0000007E F04F 0000       MOV              R0,#0x0
  134 00000082 6008    here    STR              R0,[R1]
  135 00000084 F000 F878       BL               fifo
  136 00000088 3B01            SUBS             R3,#1
  137 0000008A 2B00            CMP              R3,#0
  138 0000008C D1F9            BNE              here
  139 0000008E         
  140 0000008E         
  141 0000008E F7FF FFFE       BL               ADC0Init
  142 00000092         
  143 00000092         
  144 00000092 4940            LDR              R1,=Funct
  145 00000094 F04F 0000       MOV              R0,#0
  146 00000098 7008            STRB             R0,[R1]
  147 0000009A         
  148 0000009A F7FF FFFE       BL               ButtonsInit
  149 0000009E         
  150 0000009E F04F 0600       MOV              R6,#0
  151 000000A2         
  152 000000A2 483D    loop    LDR              R0,=ADC0RIS
  153 000000A4 6801            LDR              R1,[R0]
  154 000000A6 2904            CMP              R1,#0x4
  155 000000A8 D1FB            BNE              loop
  156 000000AA         
  157 000000AA F7FF FFFE       BL               ADC_Handler
  158 000000AE         
  159 000000AE         
  160 000000AE         
  161 000000AE F7FF FFFE       BL               Calibrator
  162 000000B2         ;  BL  DELAY100
  163 000000B2 F7FF FFFE       BL               ships
  164 000000B6 F7FF FFFE       BL               DELAY100
  165 000000BA F7FF FFFE       BL               DELAY100
  166 000000BE F7FF FFFE       BL               DELAY100
  167 000000C2         
  168 000000C2         
  169 000000C2         
  170 000000C2         
  171 000000C2 2E04            CMP              R6,#4
  172 000000C4         
  173 000000C4 D1ED            BNE              loop
  174 000000C6         
  175 000000C6 4935            LDR              R1,=GPIO_PORTF_IM
  176 000000C8 6808            LDR              R0,[R1]
  177 000000CA F020 00FF       BIC              R0,#0xFF    ; disable interrupt
                                                             of port F 
  178 000000CE 6008            STR              R0,[R1]
  179 000000D0         



ARM Macro Assembler    Page 5 


  180 000000D0 4933    wait    LDR              R1,=GPIO_PORTF_RIS
  181 000000D2 F7FF FFFE       BL               DELAY100
  182 000000D6 F7FF FFFE       BL               DELAY100
  183 000000DA 6808            LDR              R0,[R1]
  184 000000DC F010 0001       ANDS             R0,#0x01    ; wait for player 1
                                                             confirmation
  185 000000E0 D0F6            BEQ              wait
  186 000000E2         
  187 000000E2         
  188 000000E2 F7FF FFFE       BL               ClearScreen ; clear screen
  189 000000E6         
  190 000000E6 492F            LDR              R1,=GPIO_PORTF_ICR
  191 000000E8 6808            LDR              R0,[R1]
  192 000000EA F040 00FF       ORR              R0,#0xFF    ; clear interrupt
  193 000000EE 6008            STR              R0,[R1]
  194 000000F0         
  195 000000F0         
  196 000000F0         ;*****PHASE_2**************
  197 000000F0         
  198 000000F0         
  199 000000F0 4928            LDR              R1,=Funct
  200 000000F2 F04F 0001       MOV              R0,#1
  201 000000F6 7008            STRB             R0,[R1]
  202 000000F8         
  203 000000F8         
  204 000000F8 4929    wait1   LDR              R1,=GPIO_PORTF_RIS
  205 000000FA F7FF FFFE       BL               DELAY100
  206 000000FE F7FF FFFE       BL               DELAY100
  207 00000102 6808            LDR              R0,[R1]
  208 00000104 F010 0001       ANDS             R0,#0x01    ; wait for player 1
                                                             confirmation
  209 00000108 D0F6            BEQ              wait1
  210 0000010A         
  211 0000010A 4926            LDR              R1,=GPIO_PORTF_ICR
  212 0000010C 6808            LDR              R0,[R1]
  213 0000010E F040 00FF       ORR              R0,#0xFF    ; clear interrupt
  214 00000112 6008            STR              R0,[R1]
  215 00000114         
  216 00000114 4921            LDR              R1,=GPIO_PORTF_IM
  217 00000116 6808            LDR              R0,[R1]
  218 00000118 F040 0011       ORR              R0,#0x11    ; disable interrupt
                                                             of port F 
  219 0000011C 6008            STR              R0,[R1]
  220 0000011E         
  221 0000011E F7FF FFFE       BL               PULSE_INIT
  222 00000122 F7FF FFFE       BL               ships
  223 00000126         
  224 00000126 4920    wfint   LDR              R1,=TIMER0_RIS 
                                                            ; wait for 0.5 sec
  225 00000128 6808            LDR              R0,[R1]
  226 0000012A F010 0001       ANDS             R0,#0x01
  227 0000012E D0FA            BEQ              wfint
  228 00000130         
  229 00000130         
  230 00000130 F7FF FFFE       BL               ClearScreen
  231 00000134         
  232 00000134         
  233 00000134 F04F 0600       MOV              R6,#0
  234 00000138         



ARM Macro Assembler    Page 6 


  235 00000138 F04F 0714       MOV              R7,#20
  236 0000013C F7FF FFFE       BL               InitSysTick
  237 00000140         
  238 00000140         
  239 00000140 4815    loop2   LDR              R0,=ADC0RIS
  240 00000142 6801            LDR              R1,[R0]
  241 00000144 2904            CMP              R1,#0x4
  242 00000146 D1FB            BNE              loop2
  243 00000148         
  244 00000148 F7FF FFFE       BL               ADC_Handler
  245 0000014C         
  246 0000014C         
  247 0000014C F7FF FFFE       BL               player2
  248 00000150 F7FF FFFE       BL               DELAY100
  249 00000154         ;   BL  DisplayMine
  250 00000154 F7FF FFFE       BL               DELAY100
  251 00000158 F7FF FFFE       BL               DELAY100
  252 0000015C F7FF FFFE       BL               DELAY100
  253 00000160         
  254 00000160         
  255 00000160 2E04            CMP              R6,#4
  256 00000162 D1ED            BNE              loop2
  257 00000164 BF30            WFI
  258 00000166 2F00            CMP              R7,#0
  259 00000168         
  260 00000168 4910            LDR              R1,=NVICSTCTRL
  261 0000016A 6808            LDR              R0,[R1]
  262 0000016C F020 0003       BIC              R0,#0x03
  263 00000170 6008            STR              R0,[R1]
  264 00000172 F43F AFFE       BEQ              DECISION
  265 00000176 E77A            B                again
  266 00000178         
  267 00000178         
  268 00000178         
  269 00000178         ;check fifo if EMPTY OR NOT/ BUSY
  270 00000178 B503    fifo    PUSH             {LR,R1,R0}
  271 0000017A 490D            LDR              R1,=SSI0_SR
  272 0000017C 6808    check   LDR              R0,[R1]
  273 0000017E F010 0010       ANDS             R0,#0x10
  274 00000182 D1FB            BNE              check
  275 00000184 E8BD 4003       POP              {LR,R1,R0}
  276 00000188 4770            BX               LR
  277 0000018A         
  278 0000018A E7FE    done    B                done
  279 0000018C                 ALIGN
  280 0000018C                 END
              40004300 
              40008008 
              200018C0 
              40038004 
              40025410 
              40025414 
              4002541C 
              4003001C 
              E000E010 
              4000800C 
Command Line: --debug --xref --diag_suppress=9931 --cpu=Cortex-M4.fp --apcs=int
erwork --depend=.\objects\mainprogram.d -o.\objects\mainprogram.o -I.\RTE\_Targ
et_1 -IC:\Keil_v5\ARM\PACK\Keil\TM4C_DFP\1.1.0\Device\Include\TM4C123 -IC:\Keil



ARM Macro Assembler    Page 7 


_v5\ARM\CMSIS\Include --predefine="__EVAL SETA 1" --predefine="__UVISION_VERSIO
N SETA 526" --predefine="TM4C123GH6PM SETA 1" --list=.\listings\mainprogram.lst
 MainProgram.s



ARM Macro Assembler    Page 1 Alphabetic symbol ordering
Relocatable symbols

__main 00000000

Symbol: __main
   Definitions
      At line 57 in file MainProgram.s
   Uses
      At line 55 in file MainProgram.s
Comment: __main used once
again 0000006E

Symbol: again
   Definitions
      At line 125 in file MainProgram.s
   Uses
      At line 265 in file MainProgram.s
Comment: again used once
check 0000017C

Symbol: check
   Definitions
      At line 272 in file MainProgram.s
   Uses
      At line 274 in file MainProgram.s
Comment: check used once
done 0000018A

Symbol: done
   Definitions
      At line 278 in file MainProgram.s
   Uses
      At line 278 in file MainProgram.s
Comment: done used once
fifo 00000178

Symbol: fifo
   Definitions
      At line 270 in file MainProgram.s
   Uses
      At line 94 in file MainProgram.s
      At line 98 in file MainProgram.s
      At line 102 in file MainProgram.s
      At line 106 in file MainProgram.s
      At line 110 in file MainProgram.s
      At line 114 in file MainProgram.s
      At line 135 in file MainProgram.s

here 00000082

Symbol: here
   Definitions
      At line 134 in file MainProgram.s
   Uses
      At line 138 in file MainProgram.s
Comment: here used once
loop 000000A2

Symbol: loop
   Definitions
      At line 152 in file MainProgram.s



ARM Macro Assembler    Page 2 Alphabetic symbol ordering
Relocatable symbols

   Uses
      At line 155 in file MainProgram.s
      At line 173 in file MainProgram.s

loop2 00000140

Symbol: loop2
   Definitions
      At line 239 in file MainProgram.s
   Uses
      At line 242 in file MainProgram.s
      At line 256 in file MainProgram.s

main 00000000

Symbol: main
   Definitions
      At line 37 in file MainProgram.s
   Uses
      None
Comment: main unused
wait 000000D0

Symbol: wait
   Definitions
      At line 180 in file MainProgram.s
   Uses
      At line 185 in file MainProgram.s
Comment: wait used once
wait1 000000F8

Symbol: wait1
   Definitions
      At line 204 in file MainProgram.s
   Uses
      At line 209 in file MainProgram.s
Comment: wait1 used once
wfint 00000126

Symbol: wfint
   Definitions
      At line 224 in file MainProgram.s
   Uses
      At line 227 in file MainProgram.s
Comment: wfint used once
12 symbols



ARM Macro Assembler    Page 1 Alphabetic symbol ordering
Absolute symbols

ADC0RIS 40038004

Symbol: ADC0RIS
   Definitions
      At line 26 in file MainProgram.s
   Uses
      At line 152 in file MainProgram.s
      At line 239 in file MainProgram.s

Funct 200018C0

Symbol: Funct
   Definitions
      At line 34 in file MainProgram.s
   Uses
      At line 144 in file MainProgram.s
      At line 199 in file MainProgram.s

GPIO_PORTA_AFSEL 40004420

Symbol: GPIO_PORTA_AFSEL
   Definitions
      At line 20 in file MainProgram.s
   Uses
      None
Comment: GPIO_PORTA_AFSEL unused
GPIO_PORTA_AMSEL 40004528

Symbol: GPIO_PORTA_AMSEL
   Definitions
      At line 22 in file MainProgram.s
   Uses
      None
Comment: GPIO_PORTA_AMSEL unused
GPIO_PORTA_DATA 40004300

Symbol: GPIO_PORTA_DATA
   Definitions
      At line 18 in file MainProgram.s
   Uses
      At line 65 in file MainProgram.s
      At line 125 in file MainProgram.s

GPIO_PORTA_DEN 4000451C

Symbol: GPIO_PORTA_DEN
   Definitions
      At line 23 in file MainProgram.s
   Uses
      None
Comment: GPIO_PORTA_DEN unused
GPIO_PORTA_DIR 40004400

Symbol: GPIO_PORTA_DIR
   Definitions
      At line 19 in file MainProgram.s
   Uses
      None
Comment: GPIO_PORTA_DIR unused



ARM Macro Assembler    Page 2 Alphabetic symbol ordering
Absolute symbols

GPIO_PORTA_PCTL 4000452C

Symbol: GPIO_PORTA_PCTL
   Definitions
      At line 21 in file MainProgram.s
   Uses
      None
Comment: GPIO_PORTA_PCTL unused
GPIO_PORTA_PUR 40004510

Symbol: GPIO_PORTA_PUR
   Definitions
      At line 24 in file MainProgram.s
   Uses
      None
Comment: GPIO_PORTA_PUR unused
GPIO_PORTF_ICR 4002541C

Symbol: GPIO_PORTF_ICR
   Definitions
      At line 29 in file MainProgram.s
   Uses
      At line 190 in file MainProgram.s
      At line 211 in file MainProgram.s

GPIO_PORTF_IM 40025410

Symbol: GPIO_PORTF_IM
   Definitions
      At line 31 in file MainProgram.s
   Uses
      At line 175 in file MainProgram.s
      At line 216 in file MainProgram.s

GPIO_PORTF_RIS 40025414

Symbol: GPIO_PORTF_RIS
   Definitions
      At line 30 in file MainProgram.s
   Uses
      At line 180 in file MainProgram.s
      At line 204 in file MainProgram.s

NVICSTCTRL E000E010

Symbol: NVICSTCTRL
   Definitions
      At line 14 in file MainProgram.s
   Uses
      At line 260 in file MainProgram.s
Comment: NVICSTCTRL used once
RCGCGPIO 400FE608

Symbol: RCGCGPIO
   Definitions
      At line 17 in file MainProgram.s
   Uses
      None
Comment: RCGCGPIO unused



ARM Macro Assembler    Page 3 Alphabetic symbol ordering
Absolute symbols

RCGCSSI 400FE61C

Symbol: RCGCSSI
   Definitions
      At line 2 in file MainProgram.s
   Uses
      None
Comment: RCGCSSI unused
SSI0_CC 40008FC8

Symbol: SSI0_CC
   Definitions
      At line 12 in file MainProgram.s
   Uses
      None
Comment: SSI0_CC unused
SSI0_CPPSR 40008010

Symbol: SSI0_CPPSR
   Definitions
      At line 7 in file MainProgram.s
   Uses
      None
Comment: SSI0_CPPSR unused
SSI0_CR0 40008000

Symbol: SSI0_CR0
   Definitions
      At line 3 in file MainProgram.s
   Uses
      None
Comment: SSI0_CR0 unused
SSI0_CR1 40008004

Symbol: SSI0_CR1
   Definitions
      At line 4 in file MainProgram.s
   Uses
      None
Comment: SSI0_CR1 unused
SSI0_DR 40008008

Symbol: SSI0_DR
   Definitions
      At line 5 in file MainProgram.s
   Uses
      At line 90 in file MainProgram.s
      At line 132 in file MainProgram.s

SSI0_ICR 40008020

Symbol: SSI0_ICR
   Definitions
      At line 11 in file MainProgram.s
   Uses
      None
Comment: SSI0_ICR unused
SSI0_IM 40008014




ARM Macro Assembler    Page 4 Alphabetic symbol ordering
Absolute symbols

Symbol: SSI0_IM
   Definitions
      At line 8 in file MainProgram.s
   Uses
      None
Comment: SSI0_IM unused
SSI0_MIS 4000801C

Symbol: SSI0_MIS
   Definitions
      At line 10 in file MainProgram.s
   Uses
      None
Comment: SSI0_MIS unused
SSI0_RIS 40008018

Symbol: SSI0_RIS
   Definitions
      At line 9 in file MainProgram.s
   Uses
      None
Comment: SSI0_RIS unused
SSI0_SR 4000800C

Symbol: SSI0_SR
   Definitions
      At line 6 in file MainProgram.s
   Uses
      At line 271 in file MainProgram.s
Comment: SSI0_SR used once
TIMER0_RIS 4003001C

Symbol: TIMER0_RIS
   Definitions
      At line 33 in file MainProgram.s
   Uses
      At line 224 in file MainProgram.s
Comment: TIMER0_RIS used once
26 symbols



ARM Macro Assembler    Page 1 Alphabetic symbol ordering
External symbols

ADC0Init 00000000

Symbol: ADC0Init
   Definitions
      At line 44 in file MainProgram.s
   Uses
      At line 141 in file MainProgram.s
Comment: ADC0Init used once
ADC_Handler 00000000

Symbol: ADC_Handler
   Definitions
      At line 46 in file MainProgram.s
   Uses
      At line 157 in file MainProgram.s
      At line 244 in file MainProgram.s

ButtonsInit 00000000

Symbol: ButtonsInit
   Definitions
      At line 47 in file MainProgram.s
   Uses
      At line 148 in file MainProgram.s
Comment: ButtonsInit used once
Calibrator 00000000

Symbol: Calibrator
   Definitions
      At line 45 in file MainProgram.s
   Uses
      At line 161 in file MainProgram.s
Comment: Calibrator used once
ClearScreen 00000000

Symbol: ClearScreen
   Definitions
      At line 49 in file MainProgram.s
   Uses
      At line 188 in file MainProgram.s
      At line 230 in file MainProgram.s

DECISION 00000000

Symbol: DECISION
   Definitions
      At line 54 in file MainProgram.s
   Uses
      At line 264 in file MainProgram.s
Comment: DECISION used once
DELAY100 00000000

Symbol: DELAY100
   Definitions
      At line 40 in file MainProgram.s
   Uses
      At line 69 in file MainProgram.s
      At line 70 in file MainProgram.s
      At line 75 in file MainProgram.s



ARM Macro Assembler    Page 2 Alphabetic symbol ordering
External symbols

      At line 164 in file MainProgram.s
      At line 165 in file MainProgram.s
      At line 166 in file MainProgram.s
      At line 181 in file MainProgram.s
      At line 182 in file MainProgram.s
      At line 205 in file MainProgram.s
      At line 206 in file MainProgram.s
      At line 248 in file MainProgram.s
      At line 250 in file MainProgram.s
      At line 251 in file MainProgram.s
      At line 252 in file MainProgram.s

DrawBorder 00000000

Symbol: DrawBorder
   Definitions
      At line 43 in file MainProgram.s
   Uses
      None
Comment: DrawBorder unused
InitSysTick 00000000

Symbol: InitSysTick
   Definitions
      At line 50 in file MainProgram.s
   Uses
      At line 236 in file MainProgram.s
Comment: InitSysTick used once
PULSE_INIT 00000000

Symbol: PULSE_INIT
   Definitions
      At line 53 in file MainProgram.s
   Uses
      At line 221 in file MainProgram.s
Comment: PULSE_INIT used once
PrintNum 00000000

Symbol: PrintNum
   Definitions
      At line 41 in file MainProgram.s
   Uses
      None
Comment: PrintNum unused
player2 00000000

Symbol: player2
   Definitions
      At line 51 in file MainProgram.s
   Uses
      At line 247 in file MainProgram.s
Comment: player2 used once
ships 00000000

Symbol: ships
   Definitions
      At line 48 in file MainProgram.s
   Uses
      At line 163 in file MainProgram.s



ARM Macro Assembler    Page 3 Alphabetic symbol ordering
External symbols

      At line 222 in file MainProgram.s

ssi_init 00000000

Symbol: ssi_init
   Definitions
      At line 39 in file MainProgram.s
   Uses
      At line 59 in file MainProgram.s
Comment: ssi_init used once
14 symbols
388 symbols in table
