


ARM Macro Assembler    Page 1 


    1 00000000         ;takes 2 position coordinates and compares them if one f
                       alls in the viccinity of other
    2 00000000         ;mine in vicinty of ship in this case
    3 00000000         ;r1,r2,r3 mine coordinates...r1-x, r2-Ysection,r3-within
                       Yposition
    4 00000000         ;r4,r5,r6 ship coordinates r4-x, r5-Ysection,r6-withinYp
                       osition
    5 00000000         ;r7, flag if in vicinity (r7=1) or not in vicinity (r7=2
                       )
    6 00000000         ;LABEL  DIRECTIVE VALUE  COMMENT
    7 00000000                 AREA             routines, READONLY, CODE
    8 00000000                 THUMB
    9 00000000                 EXPORT           vicinityM
   10 00000000         
   11 00000000         vicinityM
                               PROC
   12 00000000 B47F            PUSH             {R0-R6}
   13 00000002         ;compare x coordinates
   14 00000002 F104 0007       ADD              R0,R4,#7    ;UPPER LIMIT OF X
   15 00000006 4281            CMP              R1,R0
   16 00000008 D80F            BHI              skipall     ;exceeds ==> not in
                                                             vicinity set negat
                                                            ive flag
   17 0000000A F1A4 0001       SUB              R0,R4,#1    ;lower limit of x
   18 0000000E 4281            CMP              R1,R0
   19 00000010 DC00            BGT              ok
   20 00000012 E00A            B                skipall     ;;below lower bound
                                                             ==> not in vicinit
                                                            y
   21 00000014         ;check y section
   22 00000014 42AA    ok      CMP              R2,R5       ; current Y section
                                                            
   23 00000016 D102            BNE              here
   24 00000018 42B3            CMP              R3,R6       ;either mine is ins
                                                            ame position in sec
                                                            tion or higher will
                                                             imply in the bound
                                                            ing box of ship
   25 0000001A D209            BHS              within
   26 0000001C E005            B                skipall
   27 0000001E F105 0001 
                       here    ADD              R0,R5,#1    ;check the next sec
                                                            tion cause ship cou
                                                            ld be in y and y+1
   28 00000022 4282            CMP              R2,R0
   29 00000024 D101            BNE              skipall     ;not in these secti
                                                            ons then out of bou
                                                            nd
   30 00000026 42B3            CMP              R3,R6
   31 00000028 D902            BLS              within
   32 0000002A         skipall                              ;flag negative
   33 0000002A F04F 0702       MOV              R7,#2       ; R7=2 implies not 
                                                            in vicinity
   34 0000002E E001            B                done
   35 00000030         within                               ;flag positive
   36 00000030 F04F 0701       MOV              R7,#1       ;R7=1 implies withi
                                                            n vicinity
   37 00000034 BC7F    done    POP              {R0-R6}
   38 00000036 4770            BX               LR



ARM Macro Assembler    Page 2 


   39 00000038                 ENDP
   40 00000038                 ALIGN
   41 00000038                 END
Command Line: --debug --xref --diag_suppress=9931 --cpu=Cortex-M4.fp --apcs=int
erwork --depend=.\objects\mine_viccinity-check.d -o.\objects\mine_viccinity-che
ck.o -I.\RTE\_Target_1 -IC:\Keil_v5\ARM\PACK\Keil\TM4C_DFP\1.1.0\Device\Include
\TM4C123 -IC:\Keil_v5\ARM\CMSIS\Include --predefine="__EVAL SETA 1" --predefine
="__UVISION_VERSION SETA 526" --predefine="TM4C123GH6PM SETA 1" --list=.\listin
gs\mine_viccinity-check.lst mine_viccinity-check.s



ARM Macro Assembler    Page 1 Alphabetic symbol ordering
Relocatable symbols

done 00000034

Symbol: done
   Definitions
      At line 37 in file mine_viccinity-check.s
   Uses
      At line 34 in file mine_viccinity-check.s
Comment: done used once
here 0000001E

Symbol: here
   Definitions
      At line 27 in file mine_viccinity-check.s
   Uses
      At line 23 in file mine_viccinity-check.s
Comment: here used once
ok 00000014

Symbol: ok
   Definitions
      At line 22 in file mine_viccinity-check.s
   Uses
      At line 19 in file mine_viccinity-check.s
Comment: ok used once
routines 00000000

Symbol: routines
   Definitions
      At line 7 in file mine_viccinity-check.s
   Uses
      None
Comment: routines unused
skipall 0000002A

Symbol: skipall
   Definitions
      At line 32 in file mine_viccinity-check.s
   Uses
      At line 16 in file mine_viccinity-check.s
      At line 20 in file mine_viccinity-check.s
      At line 26 in file mine_viccinity-check.s
      At line 29 in file mine_viccinity-check.s

vicinityM 00000000

Symbol: vicinityM
   Definitions
      At line 11 in file mine_viccinity-check.s
   Uses
      At line 9 in file mine_viccinity-check.s
Comment: vicinityM used once
within 00000030

Symbol: within
   Definitions
      At line 35 in file mine_viccinity-check.s
   Uses
      At line 25 in file mine_viccinity-check.s
      At line 31 in file mine_viccinity-check.s



ARM Macro Assembler    Page 2 Alphabetic symbol ordering
Relocatable symbols


7 symbols
341 symbols in table
